<html>
<body>
<pre>
<h1>µVision Build Log</h1>
<h2>Tool Versions:</h2>
IDE-Version: µVision V5.12.0.0
Copyright (C) 2014 ARM Ltd and ARM Germany GmbH. All rights reserved.
License Information: GP Microsoft, Microsoft, LIC=----
 
Tool Versions:
Toolchain:       MDK-Lite  Version: 5.12.0.0
Toolchain Path:  C:\Keil_v5\ARM\ARMCC\Bin
C Compiler:      Armcc.exe V5.05 (build 41)
Assembler:       Armasm.exe V5.05 (build 41)
Linker/Locator:  ArmLink.exe V5.05 (build 41)
Library Manager: ArmAr.exe V5.05 (build 41)
Hex Converter:   FromElf.exe V5.05 (build 41)
CPU DLL:         SARMCM3.DLL V5.12.0.0
Dialog DLL:      DARMCM1.DLL V1.11.00.0
Target DLL:      CMSIS_AGDI.dll V1.19.0.0
Dialog DLL:      TARMCM1.DLL V1.08.00.0
 
<h2>Project:</h2>
\\VBOXSVR\uart\uart\ADC\PIT\PIT\PIT.uvprojx
Project File Date:  01/06/2015

<h2>Output:</h2>
Build target 'Target 1'
compiling uart.c...
uart.h(6): warning:  #1295-D: Deprecated declaration UART2_IRQHandler - give arg types
  void UART2_IRQHandler();
uart.h(7): warning:  #1-D: last line of file ends without a newline
  void display_on_lcd();
uart.h(7): warning:  #1295-D: Deprecated declaration display_on_lcd - give arg types
  void display_on_lcd();
sLCD.h(49): warning:  #1-D: last line of file ends without a newline
  int display_number(uint16_t value, uint8_t format);
intdom.h(8): warning:  #1295-D: Deprecated declaration configure_pins - give arg types
        void configure_pins();
intdom.h(9): warning:  #1-D: last line of file ends without a newline
        void handle_event(uint8_t value);
uart.c(75): warning:  #223-D: function "display_error" declared implicitly
                display_error();
uart.c(77): warning:  #1-D: last line of file ends without a newline
  }
uart.c: 8 warnings, 0 errors
compiling intdom.c...
intdom.h(8): warning:  #1295-D: Deprecated declaration configure_pins - give arg types
        void configure_pins();
intdom.h(9): warning:  #1-D: last line of file ends without a newline
        void handle_event(uint8_t value);
intdom.c(14): warning:  #550-D: variable "function_number" was set but never used
        uint8_t function_number = 0;
intdom.c(40): warning:  #1-D: last line of file ends without a newline
  }
intdom.c(30): warning:  #177-D: variable "delay" was declared but never referenced
        unsigned delay = 0;
intdom.c: 5 warnings, 0 errors
linking...
Program Size: Code=7048 RO-data=364 RW-data=16 ZI-data=352  
".\Objects\PIT.axf" - 0 Error(s), 13 Warning(s).

<h2>Software Packages used:</h2>

Package Vendor: ARM
                http://www.keil.com/pack/ARM.CMSIS.4.2.0.pack
                ARM::CMSIS:CORE:3.40.0
                CMSIS (Cortex Microcontroller Software Interface Standard)
   * Component: CORE Version: 3.40.0

Package Vendor: Keil
                http://www.keil.com/pack/Keil.Kinetis_KLxx_DFP.1.3.0.pack
                Keil::Device:Startup:1.0.0
                Freescale Kinetis KLxx Series Device Support and Examples
   * Component: Startup Version: 1.0.0

<h2>Collection of Component include folders:</h2>
  \\VBOXSVR\uart\uart\ADC\PIT\PIT\RTE
  C:\Keil_v5\ARM\PACK\ARM\CMSIS\4.2.0\CMSIS\Include
  C:\Keil_v5\ARM\PACK\Keil\Kinetis_KLxx_DFP\1.3.0\Device\Include

<h2>Collection of Component Files used:</h2>

   * Component: ARM::CMSIS:CORE:3.40.0
      Source file:   CMSIS\UserCodeTemplates\ARM\ITM_Retarget.c

   * Component: Keil::Device:Startup:1.0.0
      Source file:   Device\Source\ARM\startup_MKL46Z4.s
      Source file:   Device\Source\system_MKL46Z4.c
Load "\\\\VBOXSVR\\uart\\uart\\ADC\\PIT\\PIT\\Objects\\PIT.axf" 
Erase Done.
Programming Done.
Verify OK.
Application running ...
</pre>
</body>
</html>
 last line of file ends without a newline
  }
uart.c: 8 warnings, 0 errors
compiling intdom.c...
intdom.h(8): warning:  #1295-D: Deprecated declaration configure_pins - give arg types
        void configure_pins();
intdom.h(9): warning:  #1-D: last line of file ends without a newline
        void handle_event(uint8_t value);
intdom.c(34): warning:  #1-D: last line of file ends without a newline
  }
intdom.c: 3 warnings, 0 errors
assembling startup_MKL46Z4.s...
compiling system_MKL46Z4.c...
linking...
Program Size: Code=7012 RO-data=364 RW-data=16 ZI-data=352  
".\Objects\PIT.axf" - 0 Error(s), 26 Warning(s).

<h2>Software Packages used:</h2>

Package Vendor: ARM
                http://www.keil.com/pack/ARM.CMSIS.4.2.0.pack
                ARM::CMSIS:CORE:3.40.0
                CMSIS (Cortex Microcontroller Software Interface Standard)
   * Component: CORE Version: 3.40.0

Package Vendor: Keil
                http://www.keil.com/pack/Keil.Kinetis_KLxx_DFP.1.3.0.pack
                Keil::Device:Startup:1.0.0
                Freescale Kinetis KLxx Series Device Support and Examples
   * Component: Startup Version: 1.0.0

<h2>Collection of Component include folders:</h2>
  \\VBOXSVR\uart\uart\ADC\PIT\PIT\RTE
  C:\Keil_v5\ARM\PACK\ARM\CMSIS\4.2.0\CMSIS\Include
  C:\Keil_v5\ARM\PACK\Keil\Kinetis_KLxx_DFP\1.3.0\Device\Include

<h2>Collection of Component Files used:</h2>

   * Component: ARM::CMSIS:CORE:3.40.0
      Source file:   CMSIS\UserCodeTemplates\ARM\ITM_Retarget.c

   * Component: Keil::Device:Startup:1.0.0
      Source file:   Device\Source\ARM\startup_MKL46Z4.s
      Source file:   Device\Source\system_MKL46Z4.c
