<html>
<body>
<pre>
<h1>µVision Build Log</h1>
<h2>Tool Versions:</h2>
IDE-Version: µVision V5.12.0.0
Copyright (C) 2014 ARM Ltd and ARM Germany GmbH. All rights reserved.
License Information: GP Microsoft, Microsoft, LIC=----
 
Tool Versions:
Toolchain:       MDK-Lite  Version: 5.12.0.0
Toolchain Path:  C:\Keil_v5\ARM\ARMCC\Bin
C Compiler:      Armcc.exe V5.05 (build 41)
Assembler:       Armasm.exe V5.05 (build 41)
Linker/Locator:  ArmLink.exe V5.05 (build 41)
Library Manager: ArmAr.exe V5.05 (build 41)
Hex Converter:   FromElf.exe V5.05 (build 41)
CPU DLL:         SARMCM3.DLL V5.12.0.0
Dialog DLL:      DARMCM1.DLL V1.11.00.0
Target DLL:      CMSIS_AGDI.dll V1.19.0.0
Dialog DLL:      TARMCM1.DLL V1.08.00.0
 
<h2>Project:</h2>
E:\tmp_project\frdm\uart\PIT.uvprojx
Project File Date:  01/06/2015

<h2>Output:</h2>
Build target 'Target 1'
".\Objects\PIT.axf" - 0 Error(s), 0 Warning(s).

<h2>Software Packages used:</h2>

Package Vendor: ARM
                http://www.keil.com/pack/ARM.CMSIS.4.2.0.pack
                ARM::CMSIS:CORE:3.40.0
                CMSIS (Cortex Microcontroller Software Interface Standard)
   * Component: CORE Version: 3.40.0

Package Vendor: Keil
                http://www.keil.com/pack/Keil.Kinetis_KLxx_DFP.1.3.0.pack
                Keil::Device:Startup:1.0.0
                Freescale Kinetis KLxx Series Device Support and Examples
   * Component: Startup Version: 1.0.0

<h2>Collection of Component include folders:</h2>
  E:\tmp_project\frdm\uart\RTE
  C:\Keil_v5\ARM\PACK\ARM\CMSIS\4.2.0\CMSIS\Include
  C:\Keil_v5\ARM\PACK\Keil\Kinetis_KLxx_DFP\1.3.0\Device\Include

<h2>Collection of Component Files used:</h2>

   * Component: ARM::CMSIS:CORE:3.40.0
      Source file:   CMSIS\UserCodeTemplates\ARM\ITM_Retarget.c

   * Component: Keil::Device:Startup:1.0.0
      Source file:   Device\Source\ARM\startup_MKL46Z4.s
      Source file:   Device\Source\system_MKL46Z4.c
Load "E:\\tmp_project\\frdm\\uart\\Objects\\PIT.axf" 
Erase Done.
Programming Done.
Verify OK.
Application running ...
icrocontroller Software Interface Standard)
   * Component: CORE Version: 3.40.0

Package Vendor: Keil
                http://www.keil.com/pack/Keil.Kinetis_KLxx_DFP.1.3.0.pack
                Keil::Device:Startup:1.0.0
                Freescale Kinetis KLxx Series Device Support and Examples
   * Component: Startup Version: 1.0.0

<h2>Collection of Component include folders:</h2>
  E:\tmp_project\frdm\uart\RTE
  C:\Keil_v5\ARM\PACK\ARM\CMSIS\4.2.0\CMSIS\Include
  C:\Keil_v5\ARM\PACK\Keil\Kinetis_KLxx_DFP\1.3.0\Device\Include

<h2>Collection of Component Files used:</h2>

   * Component: ARM::CMSIS:CORE:3.40.0
      Source file:   CMSIS\UserCodeTemplates\ARM\ITM_Retarget.c

   * Component: Keil::Device:Startup:1.0.0
      Source file:   Device\Source\ARM\startup_MKL46Z4.s
      Source file:   Device\Source\system_MKL46Z4.c
M::CMSIS:CORE:3.40.0
      Source file:   CMSIS\UserCodeTemplates\ARM\ITM_Retarget.c

   * Component: Keil::Device:Startup:1.0.0
      Source file:   Device\Source\ARM\startup_MKL46Z4.s
      Source file:   Device\Source\system_MKL46Z4.c
Target not created.
 UART2_IRQHandler();
uart.h(7): warning:  #1-D: last line of file ends without a newline
  void display_on_lcd();
uart.h(7): warning:  #1295-D: Deprecated declaration display_on_lcd - give arg types
  void display_on_lcd();
sLCD.h(49): warning:  #1-D: last line of file ends without a newline
  int display_number(uint16_t value, uint8_t format);
intdom.h(8): warning:  #1295-D: Deprecated declaration configure_pins - give arg types
        void configure_pins();
intdom.h(10): warning:  #1295-D: Deprecated declaration send_refresh - give arg types
        void send_refresh();
intdom.h(11): warning:  #1-D: last line of file ends without a newline
        void send_ack();
intdom.h(11): warning:  #1295-D: Deprecated declaration send_ack - give arg types
        void send_ack();
uart.c(79): warning:  #223-D: function "display_error" declared implicitly
                display_error();
uart.c(81): warning:  #1-D: last line of file ends without a newline
  }
uart.c: 10 warnings, 0 errors
compiling intdom.c...
intdom.h(8): warning:  #1295-D: Deprecated declaration configure_pins - give arg types
        void configure_pins();
intdom.h(10): warning:  #1295-D: Deprecated declaration send_refresh - give arg types
        void send_refresh();
intdom.h(11): warning:  #1-D: last line of file ends without a newline
        void send_ack();
intdom.h(11): warning:  #1295-D: Deprecated declaration send_ack - give arg types
        void send_ack();
intdom.c(67): warning:  #223-D: function "uart2_transmit" declared implicitly
        uart2_transmit('R');
intdom.c(72): warning:  #223-D: function "uart2_transmit" declared implicitly
        uart2_transmit('X');
intdom.c(89): warning:  #1-D: last line of file ends without a newline
  }
intdom.c(79): warning:  #177-D: variable "delay" was declared but never referenced
        unsigned delay = 0;
intdom.c: 8 warnings, 0 errors
assembling startup_MKL46Z4.s...
compiling system_MKL46Z4.c...
linking...
Program Size: Code=7244 RO-data=364 RW-data=28 ZI-data=356  
".\Objects\PIT.axf" - 0 Error(s), 35 Warning(s).

<h2>Software Packages used:</h2>

Package Vendor: ARM
                http://www.keil.com/pack/ARM.CMSIS.4.2.0.pack
                ARM::CMSIS:CORE:3.40.0
                CMSIS (Cortex Microcontroller Software Interface Standard)
   * Component: CORE Version: 3.40.0

Package Vendor: Keil
                http://www.keil.com/pack/Keil.Kinetis_KLxx_DFP.1.3.0.pack
                Keil::Device:Startup:1.0.0
                Freescale Kinetis KLxx Series Device Support and Examples
   * Component: Startup Version: 1.0.0

<h2>Collection of Component include folders:</h2>
  E:\tmp_project\frdm\uart\RTE
  C:\Keil_v5\ARM\PACK\ARM\CMSIS\4.2.0\CMSIS\Include
  C:\Keil_v5\ARM\PACK\Keil\Kinetis_KLxx_DFP\1.3.0\Device\Include

<h2>Collection of Component Files used:</h2>

   * Component: ARM::CMSIS:CORE:3.40.0
      Source file:   CMSIS\UserCodeTemplates\ARM\ITM_Retarget.c

   * Component: Keil::Device:Startup:1.0.0
      Source file:   Device\Source\ARM\startup_MKL46Z4.s
      Source file:   Device\Source\system_MKL46Z4.c
